query1.tpl
query2m.tpl
query3.tpl
query4.tpl
query5m.tpl
query6.tpl
query7.tpl
query8.tpl
query9.tpl
query10.tpl
query11.tpl
query12m.tpl
query13.tpl
query14m.tpl
query15.tpl
query16m.tpl
query17.tpl
query18m.tpl
query19.tpl
query20m.tpl
query21m.tpl
query22m.tpl
query23m.tpl
query24.tpl
query25.tpl
query26.tpl
query27m.tpl
query28.tpl
query29.tpl
query30m.tpl
query31.tpl
query32m.tpl
query33.tpl
query34.tpl
query35.tpl
query36m.tpl
query37m.tpl
query38.tpl
query39.tpl
query40m.tpl
query41.tpl
query42.tpl
query43.tpl
query44.tpl
query45.tpl
query46.tpl
query47.tpl
query48m.tpl
query49m.tpl
query50.tpl
query51m.tpl
query52.tpl
query53.tpl
query54m.tpl
query55.tpl
query56.tpl
query57.tpl
query58.tpl
query59.tpl
query60.tpl
query61.tpl
query62.tpl
query63.tpl
query64.tpl
query65.tpl
query66.tpl
query67m.tpl
query68.tpl
query69.tpl
query70m.tpl
query71.tpl
query72.tpl
query73.tpl
query74.tpl
query75.tpl
query76.tpl
query77m.tpl
query78.tpl
query79.tpl
query80m.tpl
query81.tpl
query82m.tpl
query83.tpl
query84.tpl
query85.tpl
query86m.tpl
query87.tpl
query88.tpl
query89.tpl
query90.tpl
query91.tpl
query92m.tpl
query93.tpl
query94m.tpl
query95m.tpl
query96.tpl
query97m.tpl
query98m.tpl
query99.tpl
