query1.tpl
query2p.tpl
query3.tpl
query4.tpl
query5p.tpl
query6.tpl
query7.tpl
query8.tpl
query9.tpl
query10.tpl
query11.tpl
query12p.tpl
query13.tpl
query14p.tpl
query15.tpl
query16p.tpl
query17.tpl
query18.tpl
query19.tpl
query20p.tpl
query21p.tpl
query22.tpl
query23p.tpl
query24.tpl
query25.tpl
query26.tpl
query27.tpl
query28.tpl
query29.tpl
query30p.tpl
query31.tpl
query32p.tpl
query33.tpl
query34.tpl
query35.tpl
query36p.tpl
query37p.tpl
query38.tpl
query39.tpl
query40p.tpl
query41.tpl
query42.tpl
query43.tpl
query44.tpl
query45.tpl
query46.tpl
query47.tpl
query48.tpl
query49p.tpl
query50.tpl
query51.tpl
query52.tpl
query53.tpl
query54.tpl
query55.tpl
query56.tpl
query57.tpl
query58.tpl
query59.tpl
query60.tpl
query61.tpl
query62.tpl
query63.tpl
query64.tpl
query65.tpl
query66.tpl
query67.tpl
query68.tpl
query69.tpl
query70p.tpl
query71.tpl
query72.tpl
query73.tpl
query74.tpl
query75.tpl
query76.tpl
query77p.tpl
query78.tpl
query79.tpl
query80p.tpl
query81.tpl
query82p.tpl
query83.tpl
query84.tpl
query85.tpl
query86p.tpl
query87.tpl
query88.tpl
query89.tpl
query90.tpl
query91.tpl
query92p.tpl
query93.tpl
query94p.tpl
query95p.tpl
query96.tpl
query97.tpl
query98p.tpl
query99.tpl
